{
  "definitions": [
    "variant of PAEAN",
    "a heraldic fur consisting of ermine spots of gold on a black field",
    "of the heraldic fur pean",
    "variant spelling of PEEN"
  ],
  "isAllowed": true
}
