{
  "definitions": ["a person who is very good at something"],
  "isAllowed": true
}
