{
  "definitions": [
    "Empleado que se encarga de la vigilancia de la puerta de un edificio o una empresa y que además puede tener otras funciones.",
    "Jugador que en algunos deportes defiende la portería de su bando.",
    "Dicho de un ladrillo: Que no se ha cocido bastante."
  ],
  "isAllowed": true
}
